[WARN] /work/hdd/bbjs/someki1/20_other_project/10_autoresearch_test/scripts/load-keys.sh not found; continuing without it.
[INFO] exp_name=exp_20260509_011856
[INFO] job_id=18136074 array_job_id=na task_id=0
[INFO] config_list=.autoresearch/array_conf/exp_20260509_011856/array.txt
[INFO] selected_index=0 selected_config=conf/exp_20260509_011856/config_0.yaml
[INFO] runtime_config=conf/exp_20260509_011856/generated/runtime_na_0.yaml
Traceback (most recent call last):
  File "/work/hdd/bbjs/someki1/20_other_project/10_autoresearch_test/run.py", line 58, in <module>
    main(
  File "/work/hdd/bbjs/someki1/20_other_project/10_autoresearch_test/.pixi/envs/default/lib/python3.11/site-packages/egs3/TEMPLATE/asr/run.py", line 113, in main
    training_config = load_and_merge_config(
                      ^^^^^^^^^^^^^^^^^^^^^^
  File "/work/hdd/bbjs/someki1/20_other_project/10_autoresearch_test/.pixi/envs/default/lib/python3.11/site-packages/espnet3/utils/config_utils.py", line 334, in load_and_merge_config
    user_cfg = _load_config_with_defaults(
               ^^^^^^^^^^^^^^^^^^^^^^^^^^^
  File "/work/hdd/bbjs/someki1/20_other_project/10_autoresearch_test/.pixi/envs/default/lib/python3.11/site-packages/espnet3/utils/config_utils.py", line 145, in _load_config_with_defaults
    _load_config_with_defaults(
  File "/work/hdd/bbjs/someki1/20_other_project/10_autoresearch_test/.pixi/envs/default/lib/python3.11/site-packages/espnet3/utils/config_utils.py", line 145, in _load_config_with_defaults
    _load_config_with_defaults(
  File "/work/hdd/bbjs/someki1/20_other_project/10_autoresearch_test/.pixi/envs/default/lib/python3.11/site-packages/espnet3/utils/config_utils.py", line 119, in _load_config_with_defaults
    main_config = OmegaConf.load(path)
                  ^^^^^^^^^^^^^^^^^^^^
  File "/work/hdd/bbjs/someki1/20_other_project/10_autoresearch_test/.pixi/envs/default/lib/python3.11/site-packages/omegaconf/omegaconf.py", line 189, in load
    with io.open(os.path.abspath(file_), "r", encoding="utf-8") as f:
         ^^^^^^^^^^^^^^^^^^^^^^^^^^^^^^^^^^^^^^^^^^^^^^^^^^^^^^
FileNotFoundError: [Errno 2] No such file or directory: '/work/hdd/bbjs/someki1/20_other_project/10_autoresearch_test/owsm_peft_lora_basic.yaml'
